<<<<<<< HEAD
      case dt of dt [Occ=Once] { __DEFAULT -> T14626.MkT dt }
=======
      case dt of dt { __DEFAULT -> T14626.MkT dt }
>>>>>>> Get evaluated-ness right in the back end
      case v of { T14626.MkT y [Occ=Once] ->
